
> youtube-clone@0.1.0 build
> next build

⚠ Warning: Next.js inferred your workspace root, but it may not be correct.
 We detected multiple lockfiles and selected the directory of /home/ideal236/package-lock.json as the root directory.
 To silence this warning, set `turbopack.root` in your Next.js config, or consider removing one of the lockfiles if it's not needed.
   See https://nextjs.org/docs/app/api-reference/config/next-config-js/turbopack#root-directory for more information.
 Detected additional lockfiles: 
   * /home/ideal236/Manohar Gurjar/Node Project/youtube/youtube-clone/package-lock.json

▲ Next.js 16.2.9 (Turbopack)

  Creating an optimized production build ...
✓ Compiled successfully in 3.4s
  Running TypeScript ...
  Finished TypeScript in 3.8s ...
  Collecting page data using 7 workers ...
  Generating static pages using 7 workers (0/9) ...
  Generating static pages using 7 workers (2/9) 
  Generating static pages using 7 workers (4/9) 
  Generating static pages using 7 workers (6/9) 
✓ Generating static pages using 7 workers (9/9) in 342ms
  Finalizing page optimization ...

Route (app)
┌ ○ /
├ ○ /_not-found
├ ○ /login
├ ○ /playlists
├ ƒ /playlists/[playlistId]
├ ○ /profile
├ ƒ /profile/[username]
├ ○ /register
├ ○ /settings
└ ƒ /videos/[videoId]


○  (Static)   prerendered as static content
ƒ  (Dynamic)  server-rendered on demand

